// Vitest Snapshot v1, https://vitest.dev/guide/snapshot.html

exports[`test for changes with snapshot 1`] = `
<body>
  <div>
    <h1>
      Register new settlement
    </h1>
    <div>
      <label>
        Avdeling:
        <br />
        <select>
          <option>
            Møbler
          </option>
          <option>
            Elektronikk
          </option>
          <option>
            Bøker
          </option>
        </select>
      </label>
    </div>
  </div>
</body>
`;
